C:/Users/Christian/STM32Cube/Repository/STM32Cube_FW_F4_V1.28.1/Drivers/STM32F4xx_HAL_Driver/Src/stm32f4xx_hal_flash.c:154:19:HAL_FLASH_Program	32	static
C:/Users/Christian/STM32Cube/Repository/STM32Cube_FW_F4_V1.28.1/Drivers/STM32F4xx_HAL_Driver/Src/stm32f4xx_hal_flash.c:204:19:HAL_FLASH_Program_IT	32	static
C:/Users/Christian/STM32Cube/Repository/STM32Cube_FW_F4_V1.28.1/Drivers/STM32F4xx_HAL_Driver/Src/stm32f4xx_hal_flash.c:241:6:HAL_FLASH_IRQHandler	16	static
C:/Users/Christian/STM32Cube/Repository/STM32Cube_FW_F4_V1.28.1/Drivers/STM32F4xx_HAL_Driver/Src/stm32f4xx_hal_flash.c:345:13:HAL_FLASH_EndOfOperationCallback	16	static
C:/Users/Christian/STM32Cube/Repository/STM32Cube_FW_F4_V1.28.1/Drivers/STM32F4xx_HAL_Driver/Src/stm32f4xx_hal_flash.c:361:13:HAL_FLASH_OperationErrorCallback	16	static
C:/Users/Christian/STM32Cube/Repository/STM32Cube_FW_F4_V1.28.1/Drivers/STM32F4xx_HAL_Driver/Src/stm32f4xx_hal_flash.c:392:19:HAL_FLASH_Unlock	16	static
C:/Users/Christian/STM32Cube/Repository/STM32Cube_FW_F4_V1.28.1/Drivers/STM32F4xx_HAL_Driver/Src/stm32f4xx_hal_flash.c:413:19:HAL_FLASH_Lock	4	static
C:/Users/Christian/STM32Cube/Repository/STM32Cube_FW_F4_V1.28.1/Drivers/STM32F4xx_HAL_Driver/Src/stm32f4xx_hal_flash.c:424:19:HAL_FLASH_OB_Unlock	4	static
C:/Users/Christian/STM32Cube/Repository/STM32Cube_FW_F4_V1.28.1/Drivers/STM32F4xx_HAL_Driver/Src/stm32f4xx_hal_flash.c:440:19:HAL_FLASH_OB_Lock	4	static
C:/Users/Christian/STM32Cube/Repository/STM32Cube_FW_F4_V1.28.1/Drivers/STM32F4xx_HAL_Driver/Src/stm32f4xx_hal_flash.c:451:19:HAL_FLASH_OB_Launch	8	static
C:/Users/Christian/STM32Cube/Repository/STM32Cube_FW_F4_V1.28.1/Drivers/STM32F4xx_HAL_Driver/Src/stm32f4xx_hal_flash.c:487:10:HAL_FLASH_GetError	4	static
C:/Users/Christian/STM32Cube/Repository/STM32Cube_FW_F4_V1.28.1/Drivers/STM32F4xx_HAL_Driver/Src/stm32f4xx_hal_flash.c:500:19:FLASH_WaitForLastOperation	24	static
C:/Users/Christian/STM32Cube/Repository/STM32Cube_FW_F4_V1.28.1/Drivers/STM32F4xx_HAL_Driver/Src/stm32f4xx_hal_flash.c:555:13:FLASH_Program_DoubleWord	24	static,ignoring_inline_asm
C:/Users/Christian/STM32Cube/Repository/STM32Cube_FW_F4_V1.28.1/Drivers/STM32F4xx_HAL_Driver/Src/stm32f4xx_hal_flash.c:587:13:FLASH_Program_Word	16	static
C:/Users/Christian/STM32Cube/Repository/STM32Cube_FW_F4_V1.28.1/Drivers/STM32F4xx_HAL_Driver/Src/stm32f4xx_hal_flash.c:611:13:FLASH_Program_HalfWord	16	static
C:/Users/Christian/STM32Cube/Repository/STM32Cube_FW_F4_V1.28.1/Drivers/STM32F4xx_HAL_Driver/Src/stm32f4xx_hal_flash.c:635:13:FLASH_Program_Byte	16	static
C:/Users/Christian/STM32Cube/Repository/STM32Cube_FW_F4_V1.28.1/Drivers/STM32F4xx_HAL_Driver/Src/stm32f4xx_hal_flash.c:651:13:FLASH_SetErrorCode	4	static
