16:17:08 **** Incremental Build of configuration Debug for project Basic_Movement_Sensors ****
make -j8 all 
arm-none-eabi-gcc "../Core/Src/main.c" -mcpu=cortex-m4 -std=gnu11 -g3 -DDEBUG -DUSE_HAL_DRIVER -DSTM32F407xx -c -I../Core/Inc -I../Drivers/STM32F4xx_HAL_Driver/Inc -I../Drivers/STM32F4xx_HAL_Driver/Inc/Legacy -I../Drivers/CMSIS/Device/ST/STM32F4xx/Include -I../Drivers/CMSIS/Include -I../USB_DEVICE/App -I../USB_DEVICE/Target -I../Middlewares/ST/STM32_USB_Device_Library/Core/Inc -I../Middlewares/ST/STM32_USB_Device_Library/Class/CDC/Inc -O0 -ffunction-sections -fdata-sections -Wall -fstack-usage -fcyclomatic-complexity -MMD -MP -MF"Core/Src/main.d" -MT"Core/Src/main.o" --specs=nano.specs -mfpu=fpv4-sp-d16 -mfloat-abi=hard -mthumb -o "Core/Src/main.o"
../Core/Src/main.c: In function 'printMatrix':
../Core/Src/main.c:157:67: warning: pointer targets in passing argument 1 of 'strlen' differ in signedness [-Wpointer-sign]
  157 |                 HAL_UART_Transmit(&huart2, (uint8_t *)str, strlen(str), 100);
      |                                                                   ^~~
      |                                                                   |
      |                                                                   uint8_t * {aka unsigned char *}
In file included from ../USB_DEVICE/Target/usbd_conf.h:32,
                 from ../Middlewares/ST/STM32_USB_Device_Library/Core/Inc/usbd_def.h:28,
                 from ../USB_DEVICE/App/usb_device.h:32,
                 from ../Core/Src/main.c:21:
C:\WORK\ST\STM32CubeIDE_1.18.0\STM32CubeIDE\plugins\com.st.stm32cube.ide.mcu.externaltools.gnu-tools-for-stm32.13.3.rel1.win32_1.0.0.202411081344\tools\bin/../lib/gcc/arm-none-eabi/13.3.1/../../../../arm-none-eabi/include/string.h:41:18: note: expected 'const char *' but argument is of type 'uint8_t *' {aka 'unsigned char *'}
   41 | size_t   strlen (const char *);
      |                  ^~~~~~~~~~~~
arm-none-eabi-gcc -o "Basic_Movement_Sensors.elf" @"objects.list"   -mcpu=cortex-m4 -T"C:\Users\Christian\STM32CubeIDE\workspace_1.18.0\Basic_Movement_Sensors\STM32F407VGTX_FLASH.ld" --specs=nosys.specs -Wl,-Map="Basic_Movement_Sensors.map" -Wl,--gc-sections -static --specs=nano.specs -mfpu=fpv4-sp-d16 -mfloat-abi=hard -mthumb -Wl,--start-group -lc -lm -Wl,--end-group
Finished building target: Basic_Movement_Sensors.elf
 
arm-none-eabi-size  Basic_Movement_Sensors.elf 
arm-none-eabi-objdump -h -S Basic_Movement_Sensors.elf  > "Basic_Movement_Sensors.list"
   text	   data	    bss	    dec	    hex	filename
  45992	    256	  10200	  56448	   dc80	Basic_Movement_Sensors.elf
Finished building: default.size.stdout
 
Finished building: Basic_Movement_Sensors.list
 
16:18:46 **** Incremental Build of configuration Debug for project Basic_Movement_Sensors ****
make -j8 all 
arm-none-eabi-size  Basic_Movement_Sensors.elf 
   text	   data	    bss	    dec	    hex	filename
  45992	    256	  10200	  56448	   dc80	Basic_Movement_Sensors.elf
Finished building: default.size.stdout
 
16:22:11 **** Incremental Build of configuration Debug for project Basic_Movement_Sensors ****
make -j8 all 
arm-none-eabi-gcc "../Core/Src/main.c" -mcpu=cortex-m4 -std=gnu11 -g3 -DDEBUG -DUSE_HAL_DRIVER -DSTM32F407xx -c -I../Core/Inc -I../Drivers/STM32F4xx_HAL_Driver/Inc -I../Drivers/STM32F4xx_HAL_Driver/Inc/Legacy -I../Drivers/CMSIS/Device/ST/STM32F4xx/Include -I../Drivers/CMSIS/Include -I../USB_DEVICE/App -I../USB_DEVICE/Target -I../Middlewares/ST/STM32_USB_Device_Library/Core/Inc -I../Middlewares/ST/STM32_USB_Device_Library/Class/CDC/Inc -O0 -ffunction-sections -fdata-sections -Wall -fstack-usage -fcyclomatic-complexity -MMD -MP -MF"Core/Src/main.d" -MT"Core/Src/main.o" --specs=nano.specs -mfpu=fpv4-sp-d16 -mfloat-abi=hard -mthumb -o "Core/Src/main.o"
../Core/Src/main.c: In function 'printMatrix':
../Core/Src/main.c:157:67: warning: pointer targets in passing argument 1 of 'strlen' differ in signedness [-Wpointer-sign]
  157 |                 HAL_UART_Transmit(&huart2, (uint8_t *)str, strlen(str), 100);
      |                                                                   ^~~
      |                                                                   |
      |                                                                   uint8_t * {aka unsigned char *}
In file included from ../USB_DEVICE/Target/usbd_conf.h:32,
                 from ../Middlewares/ST/STM32_USB_Device_Library/Core/Inc/usbd_def.h:28,
                 from ../USB_DEVICE/App/usb_device.h:32,
                 from ../Core/Src/main.c:21:
C:\WORK\ST\STM32CubeIDE_1.18.0\STM32CubeIDE\plugins\com.st.stm32cube.ide.mcu.externaltools.gnu-tools-for-stm32.13.3.rel1.win32_1.0.0.202411081344\tools\bin/../lib/gcc/arm-none-eabi/13.3.1/../../../../arm-none-eabi/include/string.h:41:18: note: expected 'const char *' but argument is of type 'uint8_t *' {aka 'unsigned char *'}
   41 | size_t   strlen (const char *);
      |                  ^~~~~~~~~~~~
arm-none-eabi-gcc -o "Basic_Movement_Sensors.elf" @"objects.list"   -mcpu=cortex-m4 -T"C:\Users\Christian\STM32CubeIDE\workspace_1.18.0\Basic_Movement_Sensors\STM32F407VGTX_FLASH.ld" --specs=nosys.specs -Wl,-Map="Basic_Movement_Sensors.map" -Wl,--gc-sections -static --specs=nano.specs -mfpu=fpv4-sp-d16 -mfloat-abi=hard -mthumb -Wl,--start-group -lc -lm -Wl,--end-group
Finished building target: Basic_Movement_Sensors.elf
 
arm-none-eabi-size  Basic_Movement_Sensors.elf 
arm-none-eabi-objdump -h -S Basic_Movement_Sensors.elf  > "Basic_Movement_Sensors.list"
   text	   data	    bss	    dec	    hex	filename
  45992	    256	  10200	  56448	   dc80	Basic_Movement_Sensors.elf
Finished building: default.size.stdout
 
Finished building: Basic_Movement_Sensors.list
 
16:23:16 **** Incremental Build of configuration Debug for project Basic_Movement_Sensors ****
make -j8 all 
arm-none-eabi-gcc "../Core/Src/main.c" -mcpu=cortex-m4 -std=gnu11 -g3 -DDEBUG -DUSE_HAL_DRIVER -DSTM32F407xx -c -I../Core/Inc -I../Drivers/STM32F4xx_HAL_Driver/Inc -I../Drivers/STM32F4xx_HAL_Driver/Inc/Legacy -I../Drivers/CMSIS/Device/ST/STM32F4xx/Include -I../Drivers/CMSIS/Include -I../USB_DEVICE/App -I../USB_DEVICE/Target -I../Middlewares/ST/STM32_USB_Device_Library/Core/Inc -I../Middlewares/ST/STM32_USB_Device_Library/Class/CDC/Inc -O0 -ffunction-sections -fdata-sections -Wall -fstack-usage -fcyclomatic-complexity -MMD -MP -MF"Core/Src/main.d" -MT"Core/Src/main.o" --specs=nano.specs -mfpu=fpv4-sp-d16 -mfloat-abi=hard -mthumb -o "Core/Src/main.o"
../Core/Src/main.c: In function 'printMatrix':
../Core/Src/main.c:157:67: warning: pointer targets in passing argument 1 of 'strlen' differ in signedness [-Wpointer-sign]
  157 |                 HAL_UART_Transmit(&huart2, (uint8_t *)str, strlen(str), 100);
      |                                                                   ^~~
      |                                                                   |
      |                                                                   uint8_t * {aka unsigned char *}
In file included from ../USB_DEVICE/Target/usbd_conf.h:32,
                 from ../Middlewares/ST/STM32_USB_Device_Library/Core/Inc/usbd_def.h:28,
                 from ../USB_DEVICE/App/usb_device.h:32,
                 from ../Core/Src/main.c:21:
C:\WORK\ST\STM32CubeIDE_1.18.0\STM32CubeIDE\plugins\com.st.stm32cube.ide.mcu.externaltools.gnu-tools-for-stm32.13.3.rel1.win32_1.0.0.202411081344\tools\bin/../lib/gcc/arm-none-eabi/13.3.1/../../../../arm-none-eabi/include/string.h:41:18: note: expected 'const char *' but argument is of type 'uint8_t *' {aka 'unsigned char *'}
   41 | size_t   strlen (const char *);
      |                  ^~~~~~~~~~~~
arm-none-eabi-gcc -o "Basic_Movement_Sensors.elf" @"objects.list"   -mcpu=cortex-m4 -T"C:\Users\Christian\STM32CubeIDE\workspace_1.18.0\Basic_Movement_Sensors\STM32F407VGTX_FLASH.ld" --specs=nosys.specs -Wl,-Map="Basic_Movement_Sensors.map" -Wl,--gc-sections -static --specs=nano.specs -mfpu=fpv4-sp-d16 -mfloat-abi=hard -mthumb -Wl,--start-group -lc -lm -Wl,--end-group
Finished building target: Basic_Movement_Sensors.elf
 
arm-none-eabi-size  Basic_Movement_Sensors.elf 
arm-none-eabi-objdump -h -S Basic_Movement_Sensors.elf  > "Basic_Movement_Sensors.list"
   text	   data	    bss	    dec	    hex	filename
  45992	    256	  10200	  56448	   dc80	Basic_Movement_Sensors.elf
Finished building: default.size.stdout
 
Finished building: Basic_Movement_Sensors.list
 
16:24:58 **** Incremental Build of configuration Debug for project Basic_Movement_Sensors ****
make -j8 all 
arm-none-eabi-gcc "../Core/Src/main.c" -mcpu=cortex-m4 -std=gnu11 -g3 -DDEBUG -DUSE_HAL_DRIVER -DSTM32F407xx -c -I../Core/Inc -I../Drivers/STM32F4xx_HAL_Driver/Inc -I../Drivers/STM32F4xx_HAL_Driver/Inc/Legacy -I../Drivers/CMSIS/Device/ST/STM32F4xx/Include -I../Drivers/CMSIS/Include -I../USB_DEVICE/App -I../USB_DEVICE/Target -I../Middlewares/ST/STM32_USB_Device_Library/Core/Inc -I../Middlewares/ST/STM32_USB_Device_Library/Class/CDC/Inc -O0 -ffunction-sections -fdata-sections -Wall -fstack-usage -fcyclomatic-complexity -MMD -MP -MF"Core/Src/main.d" -MT"Core/Src/main.o" --specs=nano.specs -mfpu=fpv4-sp-d16 -mfloat-abi=hard -mthumb -o "Core/Src/main.o"
../Core/Src/main.c: In function 'printMatrix':
../Core/Src/main.c:157:67: warning: pointer targets in passing argument 1 of 'strlen' differ in signedness [-Wpointer-sign]
  157 |                 HAL_UART_Transmit(&huart2, (uint8_t *)str, strlen(str), 100);
      |                                                                   ^~~
      |                                                                   |
      |                                                                   uint8_t * {aka unsigned char *}
In file included from ../USB_DEVICE/Target/usbd_conf.h:32,
                 from ../Middlewares/ST/STM32_USB_Device_Library/Core/Inc/usbd_def.h:28,
                 from ../USB_DEVICE/App/usb_device.h:32,
                 from ../Core/Src/main.c:21:
C:\WORK\ST\STM32CubeIDE_1.18.0\STM32CubeIDE\plugins\com.st.stm32cube.ide.mcu.externaltools.gnu-tools-for-stm32.13.3.rel1.win32_1.0.0.202411081344\tools\bin/../lib/gcc/arm-none-eabi/13.3.1/../../../../arm-none-eabi/include/string.h:41:18: note: expected 'const char *' but argument is of type 'uint8_t *' {aka 'unsigned char *'}
   41 | size_t   strlen (const char *);
      |                  ^~~~~~~~~~~~
arm-none-eabi-gcc -o "Basic_Movement_Sensors.elf" @"objects.list"   -mcpu=cortex-m4 -T"C:\Users\Christian\STM32CubeIDE\workspace_1.18.0\Basic_Movement_Sensors\STM32F407VGTX_FLASH.ld" --specs=nosys.specs -Wl,-Map="Basic_Movement_Sensors.map" -Wl,--gc-sections -static --specs=nano.specs -mfpu=fpv4-sp-d16 -mfloat-abi=hard -mthumb -Wl,--start-group -lc -lm -Wl,--end-group
Finished building target: Basic_Movement_Sensors.elf
 
arm-none-eabi-size  Basic_Movement_Sensors.elf 
arm-none-eabi-objdump -h -S Basic_Movement_Sensors.elf  > "Basic_Movement_Sensors.list"
   text	   data	    bss	    dec	    hex	filename
  45992	    256	  10200	  56448	   dc80	Basic_Movement_Sensors.elf
Finished building: default.size.stdout
 
Finished building: Basic_Movement_Sensors.list
 
16:51:39 **** Incremental Build of configuration Debug for project Basic_Movement_Sensors ****
make -j8 all 
arm-none-eabi-gcc "../Core/Src/main.c" -mcpu=cortex-m4 -std=gnu11 -g3 -DDEBUG -DUSE_HAL_DRIVER -DSTM32F407xx -c -I../Core/Inc -I../Drivers/STM32F4xx_HAL_Driver/Inc -I../Drivers/STM32F4xx_HAL_Driver/Inc/Legacy -I../Drivers/CMSIS/Device/ST/STM32F4xx/Include -I../Drivers/CMSIS/Include -I../USB_DEVICE/App -I../USB_DEVICE/Target -I../Middlewares/ST/STM32_USB_Device_Library/Core/Inc -I../Middlewares/ST/STM32_USB_Device_Library/Class/CDC/Inc -O0 -ffunction-sections -fdata-sections -Wall -fstack-usage -fcyclomatic-complexity -MMD -MP -MF"Core/Src/main.d" -MT"Core/Src/main.o" --specs=nano.specs -mfpu=fpv4-sp-d16 -mfloat-abi=hard -mthumb -o "Core/Src/main.o"
../Core/Src/main.c: In function 'printMatrix':
../Core/Src/main.c:157:67: warning: pointer targets in passing argument 1 of 'strlen' differ in signedness [-Wpointer-sign]
  157 |                 HAL_UART_Transmit(&huart2, (uint8_t *)str, strlen(str), 100);
      |                                                                   ^~~
      |                                                                   |
      |                                                                   uint8_t * {aka unsigned char *}
In file included from ../USB_DEVICE/Target/usbd_conf.h:32,
                 from ../Middlewares/ST/STM32_USB_Device_Library/Core/Inc/usbd_def.h:28,
                 from ../USB_DEVICE/App/usb_device.h:32,
                 from ../Core/Src/main.c:21:
C:\WORK\ST\STM32CubeIDE_1.18.0\STM32CubeIDE\plugins\com.st.stm32cube.ide.mcu.externaltools.gnu-tools-for-stm32.13.3.rel1.win32_1.0.0.202411081344\tools\bin/../lib/gcc/arm-none-eabi/13.3.1/../../../../arm-none-eabi/include/string.h:41:18: note: expected 'const char *' but argument is of type 'uint8_t *' {aka 'unsigned char *'}
   41 | size_t   strlen (const char *);
      |                  ^~~~~~~~~~~~
arm-none-eabi-gcc -o "Basic_Movement_Sensors.elf" @"objects.list"   -mcpu=cortex-m4 -T"C:\Users\Christian\STM32CubeIDE\workspace_1.18.0\Basic_Movement_Sensors\STM32F407VGTX_FLASH.ld" --specs=nosys.specs -Wl,-Map="Basic_Movement_Sensors.map" -Wl,--gc-sections -static --specs=nano.specs -mfpu=fpv4-sp-d16 -mfloat-abi=hard -mthumb -Wl,--start-group -lc -lm -Wl,--end-group
Finished building target: Basic_Movement_Sensors.elf
 
arm-none-eabi-size  Basic_Movement_Sensors.elf 
arm-none-eabi-objdump -h -S Basic_Movement_Sensors.elf  > "Basic_Movement_Sensors.list"
   text	   data	    bss	    dec	    hex	filename
  46668	    256	  20400	  67324	  106fc	Basic_Movement_Sensors.elf
Finished building: default.size.stdout
 
Finished building: Basic_Movement_Sensors.list
 
